11:32:13 **** Incremental Build of configuration Debug for project 123 ****
make -j12 all 
arm-none-eabi-gcc "../Core/Src/main.c" -mcpu=cortex-m3 -std=gnu11 -g3 -DDEBUG -DUSE_HAL_DRIVER -DSTM32F103xB -c -I../Core/Inc -I../Drivers/STM32F1xx_HAL_Driver/Inc -I../Drivers/STM32F1xx_HAL_Driver/Inc/Legacy -I../Drivers/CMSIS/Device/ST/STM32F1xx/Include -I../Drivers/CMSIS/Include -O0 -ffunction-sections -fdata-sections -Wall -fstack-usage -MMD -MP -MF"Core/Src/main.d" -MT"Core/Src/main.o" --specs=nano.specs -mfloat-abi=soft -mthumb -o "Core/Src/main.o"
arm-none-eabi-g++ -o "123.elf" @"objects.list"   -mcpu=cortex-m3 -T"D:\RTOS\123\STM32F103C8TX_FLASH.ld" --specs=nosys.specs -Wl,-Map="123.map" -Wl,--gc-sections -static --specs=nano.specs -mfloat-abi=soft -mthumb -Wl,--start-group -lc -lm -lstdc++ -lsupc++ -Wl,--end-group
Finished building target: 123.elf
 
arm-none-eabi-size   123.elf 
arm-none-eabi-objdump -h -S  123.elf  > "123.list"
arm-none-eabi-objcopy  -O binary  123.elf  "123.bin"
   text	   data	    bss	    dec	    hex	filename
   4652	     20	   1572	   6244	   1864	123.elf
Finished building: default.size.stdout
 
Finished building: 123.list
 
Finished building: 123.bin
 

11:32:17 Build Finished. 0 errors, 0 warnings. (took 3s.390ms)

