18:54:18 **** Incremental Build of configuration Debug for project canrx ****
make -j12 all 
arm-none-eabi-gcc "../Core/Src/main.c" -mcpu=cortex-m3 -std=gnu11 -g3 -DDEBUG -DUSE_HAL_DRIVER -DSTM32F103xB -c -I../Core/Inc -I../Drivers/STM32F1xx_HAL_Driver/Inc -I../Drivers/STM32F1xx_HAL_Driver/Inc/Legacy -I../Drivers/CMSIS/Device/ST/STM32F1xx/Include -I../Drivers/CMSIS/Include -O0 -ffunction-sections -fdata-sections -Wall -fstack-usage -MMD -MP -MF"Core/Src/main.d" -MT"Core/Src/main.o" --specs=nano.specs -mfloat-abi=soft -mthumb -o "Core/Src/main.o"
arm-none-eabi-gcc -o "canrx.elf" @"objects.list"   -mcpu=cortex-m3 -T"D:\RTOS\canrx\STM32F103C8TX_FLASH.ld" --specs=nosys.specs -Wl,-Map="canrx.map" -Wl,--gc-sections -static --specs=nano.specs -mfloat-abi=soft -mthumb -Wl,--start-group -lc -lm -Wl,--end-group
Finished building target: canrx.elf
 
arm-none-eabi-size   canrx.elf 
arm-none-eabi-objdump -h -S  canrx.elf  > "canrx.list"
arm-none-eabi-objcopy  -O binary  canrx.elf  "canrx.bin"
   text	   data	    bss	    dec	    hex	filename
  16692	    120	   2864	  19676	   4cdc	canrx.elf
Finished building: default.size.stdout
 
Finished building: canrx.bin
 
Finished building: canrx.list
 

18:54:18 Build Finished. 0 errors, 0 warnings. (took 745ms)

